Command: E:\ESP32_NEWBIE\Espressif\python_env\idf5.5_py3.11_env\Scripts\python.exe E:\ESP32_NEWBIE\Espressif\frameworks\esp-idf-v5.5\tools/idf_monitor.py -p COM7 -b 115200 --toolchain-prefix xtensa-esp32-elf- --target esp32 --revision 0 E:\ESP32_NEWBIE\Espressif\frameworks\esp-idf-v5.5\examples\get-started\RTOS_UART\build\RTOS_UART.elf E:\ESP32_NEWBIE\Espressif\frameworks\esp-idf-v5.5\examples\get-started\RTOS_UART\build\bootloader\bootloader.elf --force-color -m 'E:\ESP32_NEWBIE\Espressif\python_env\idf5.5_py3.11_env\Scripts\python.exe' 'E:\ESP32_NEWBIE\Espressif\frameworks\esp-idf-v5.5\tools\idf.py'
 SPI Speed      : 40MÔøΩets Jul 29 2019 12:21:46

rst:0x1 (POWERON_RESET),boot:0x13 (SPI_FAST_FLASH_BOOT)
configsip: 0, SPIWP:0xee
clk_drv:0x00,q_drv:0x00,d_drv:0x00,cs0_drv:0x00,hd_drv:0x00,wp_drv:0x00
mode:DIO, clock div:2
load:0x3fff0030,len:6380
ho 0 tail 12 room 4
load:0x40078000,len:15916
load:0x40080400,len:3860
entry 0x40080638
[0;32mI (29) boot: ESP-IDF v5.5-dirty 2nd stage bootloader[0m
[0;32mI (29) boot: compile time Aug 22 2025 11:31:40[0m
[0;32mI (29) boot: Multicore bootloader[0m
[0;32mI (31) boot: chip revision: v3.0[0m
[0;32mI (34) boot.esp32: SPI Speed      : 40MHz[0m
[0;32mI (37) boot.esp32: SPI Mode       : DIO[0m
[0;32mI (41) boot.esp32: SPI Flash Size : 2MB[0m
[0;32mI (45) boot: Enabling RNG early entropy source...[0m
[0;32mI (49) boot: Partition Table:[0m
[0;32mI (52) boot: ## Label            Usage          Type ST Offset   Length[0m
[0;32mI (58) boot:  0 nvs              WiFi data        01 02 00009000 00006000[0m
[0;32mI (65) boot:  1 phy_init         RF data          01 01 0000f000 00001000[0m
[0;32mI (71) boot:  2 factory          factory app      00 00 00010000 00100000[0m
[0;32mI (78) boot: End of partition table[0m
[0;32mI (81) esp_image: segment 0: paddr=00010020 vaddr=3f400020 size=092b0h ( 37552) map[0m
[0;32mI (101) esp_image: segment 1: paddr=000192d8 vaddr=3ff80000 size=00020h (    32) load[0m
[0;32mI (101) esp_image: segment 2: paddr=00019300 vaddr=3ffb0000 size=022a8h (  8872) load[0m
[0;32mI (109) esp_image: segment 3: paddr=0001b5b0 vaddr=40080000 size=04a68h ( 19048) load[0m
[0;32mI (121) esp_image: segment 4: paddr=00020020 vaddr=400d0020 size=160f8h ( 90360) map[0m
[0;32mI (152) esp_image: segment 5: paddr=00036120 vaddr=40084a68 size=096ech ( 38636) load[0m
[0;32mI (174) boot: Loaded app from partition at offset 0x10000[0m
[0;32mI (174) boot: Disabling RNG early entropy source...[0m
[0;32mI (184) cpu_start: Multicore app[0m
[0;32mI (193) cpu_start: Pro cpu start user code[0m
[0;32mI (193) cpu_start: cpu freq: 160000000 Hz[0m
[0;32mI (193) app_init: Application information:[0m
[0;32mI (193) app_init: Project name:     RTOS_UART[0m
[0;32mI (197) app_init: App version:      v5.5-dirty[0m
[0;32mI (201) app_init: Compile time:     Aug 22 2025 11:31:32[0m
[0;32mI (206) app_init: ELF file SHA256:  f830a127f...[0m
[0;32mI (210) app_init: ESP-IDF:          v5.5-dirty[0m
[0;32mI (215) efuse_init: Min chip rev:     v0.0[0m
[0;32mI (218) efuse_init: Max chip rev:     v3.99 [0m
[0;32mI (222) efuse_init: Chip rev:         v3.0[0m
[0;32mI (227) heap_init: Initializing. RAM available for dynamic allocation:[0m
[0;32mI (233) heap_init: At 3FFAE6E0 len 00001920 (6 KiB): DRAM[0m
[0;32mI (238) heap_init: At 3FFB2B30 len 0002D4D0 (181 KiB): DRAM[0m
[0;32mI (243) heap_init: At 3FFE0440 len 00003AE0 (14 KiB): D/IRAM[0m
[0;32mI (248) heap_init: At 3FFE4350 len 0001BCB0 (111 KiB): D/IRAM[0m
[0;32mI (254) heap_init: At 4008E154 len 00011EAC (71 KiB): IRAM[0m
[0;33mW (260) spi_flash: boya detected but related driver is not linked, please check option `SPI_FLASH_SUPPORT_BOYA_CHIP`[0m
[0;32mI (269) spi_flash: detected chip: generic[0m
[0;32mI (273) spi_flash: flash io: dio[0m
[0;33mW (276) spi_flash: Detected size(4096k) larger than the size in the binary image header(2048k). Using the size in the binary image header.[0m
[0;32mI (289) main_task: Started on CPU0[0m
[0;32mI (299) main_task: Calling app_main()[0m
[0;32mI (299) main_task: Returned from app_main()[0m
[0;32mI (549) UART_RTOS: UART PRINT: ƒê√£ nh·∫≠n ƒë∆∞·ª£c: TX1: Dieu From Task 1 | count=967[0m

[0;32mI (1449) UART_RTOS: UART PRINT: ƒê√£ nh·∫≠n ƒë∆∞·ª£c: TX1: Dieu From Task 1 | count=968[0m

[0;32mI (2239) UART_RTOS: UART PRINT: ƒê√£ nh·∫≠n ƒë∆∞·ª£c: TX1: Dieu From Task 1 | count=969[0m

[0;32mI (3029) UART_RTOS: UART PRINT: ƒê√£ nh·∫≠n ƒë∆∞·ª£c: TX1: Dieu From Task 1 | count=970[0m

[0;32mI (3729) UART_RTOS: UART PRINT: ƒê√£ nh·∫≠n ƒë∆∞·ª£c: TX1: Dieu From Task 1 | count=971[0m

[0;32mI (4429) UART_RTOS: UART PRINT: ƒê√£ nh·∫≠n ƒë∆∞·ª£c: TX1: Dieu From Task 1 | count=972[0m

[0;32mI (4949) UART_RTOS: UART PRINT: ƒê√£ nh·∫≠n ƒë∆∞·ª£c: TX1: Dieu From Task 1 | count=973[0m

[0;32mI (5649) UART_RTOS: UART PRINT: ƒê√£ nh·∫≠n ƒë∆∞·ª£c: TX1: Dieu From Task 1 | count=974[0m

[0;32mI (6419) UART_RTOS: UART PRINT: ƒê√£ nh·∫≠n ƒë∆∞·ª£c: TX1: Dieu From Task 1 | count=975[0m

[0;32mI (7019) UART_RTOS: UART PRINT: ƒê√£ nh·∫≠n ƒë∆∞·ª£c: TX1: Dieu From Task 1 | count=976[0m

[0;32mI (7849) UART_RTOS: UART PRINT: ƒê√£ nh·∫≠n ƒë∆∞·ª£c: TX1: Dieu From Task 1 | count=977[0m

[0;32mI (8619) UART_RTOS: UART PRINT: ƒê√£ nh·∫≠n ƒë∆∞·ª£c: TX1: Dieu From Task 1 | count=978[0m

[0;32mI (9319) UART_RTOS: UART PRINT: ƒê√£ nh·∫≠n ƒë∆∞·ª£c: TX1: Dieu From Task 1 | count=979[0m

[0;32mI (9789) UART_RTOS: UART PRINT: ƒê√£ nh·∫≠n ƒë∆∞·ª£c: TX1: Dieu From Task 1 | count=980[0m

[0;32mI (10539) UART_RTOS: UART PRINT: ƒê√£ nh·∫≠n ƒë∆∞·ª£c: TX1: Dieu From Task 1 | count=981[0m

[0;32mI (11379) UART_RTOS: UART PRINT: ƒê√£ nh·∫≠n ƒë∆∞·ª£c: TX1: Dieu From Task 1 | count=982[0m

[0;32mI (12209) UART_RTOS: UART PRINT: ƒê√£ nh·∫≠n ƒë∆∞·ª£c: TX1: Dieu From Task 1 | count=983[0m

[0;32mI (12959) UART_RTOS: UART PRINT: ƒê√£ nh·∫≠n ƒë∆∞·ª£c: TX1: Dieu From Task 1 | count=984[0m

[0;32mI (13709) UART_RTOS: UART PRINT: ƒê√£ nh·∫≠n ƒë∆∞·ª£c: TX1: Dieu From Task 1 | count=985[0m

[0;32mI (14409) UART_RTOS: UART PRINT: ƒê√£ nh·∫≠n ƒë∆∞·ª£c: TX1: Dieu From Task 1 | count=986[0m

[0;32mI (15109) UART_RTOS: UART PRINT: ƒê√£ nh·∫≠n ƒë∆∞·ª£c: TX1: Dieu From Task 1 | count=987[0m

[0;32mI (15659) UART_RTOS: UART PRINT: ƒê√£ nh·∫≠n ƒë∆∞·ª£c: TX1: Dieu From Task 1 | count=988[0m

[0;32mI (16359) UART_RTOS: UART PRINT: ƒê√£ nh·∫≠n ƒë∆∞·ª£c: TX1: Dieu From Task 1 | count=989[0m

[0;32mI (17209) UART_RTOS: UART PRINT: ƒê√£ nh·∫≠n ƒë∆∞·ª£c: TX1: Dieu From Task 1 | count=990[0m

[0;32mI (17969) UART_RTOS: UART PRINT: ƒê√£ nh·∫≠n ƒë∆∞·ª£c: TX1: Dieu From Task 1 | count=991[0m

[0;32mI (18809) UART_RTOS: UART PRINT: ƒê√£ nh·∫≠n ƒë∆∞·ª£c: TX1: Dieu From Task 1 | count=992[0m

[0;32mI (19569) UART_RTOS: UART PRINT: ƒê√£ nh·∫≠n ƒë∆∞·ª£c: TX1: Dieu From Task 1 | count=993[0m

[0;32mI (20349) UART_RTOS: UART PRINT: ƒê√£ nh·∫≠n ƒë∆∞·ª£c: TX1: Dieu From Task 1 | count=994[0m

[0;32mI (21249) UART_RTOS: UART PRINT: ƒê√£ nh·∫≠n ƒë∆∞·ª£c: TX1: Dieu From Task 1 | count=995[0m

[0;32mI (21849) UART_RTOS: UART PRINT: ƒê√£ nh·∫≠n ƒë∆∞·ª£c: TX1: Dieu From Task 1 | count=996[0m

[0;32mI (22749) UART_RTOS: UART PRINT: ƒê√£ nh·∫≠n ƒë∆∞·ª£c: TX1: Dieu From Task 1 | count=997[0m

[0;32mI (23449) UART_RTOS: UART PRINT: ƒê√£ nh·∫≠n ƒë∆∞·ª£c: TX1: Dieu From Task 1 | count=998[0m

[0;32mI (24189) UART_RTOS: UART PRINT: ƒê√£ nh·∫≠n ƒë∆∞·ª£c: TX1: Dieu From Task 1 | count=999[0m

[0;32mI (25089) UART_RTOS: UART PRINT: ƒê√£ nh·∫≠n ƒë∆∞·ª£c: TX1: Dieu From Task 1 | count=1000[0m

[0;32mI (25929) UART_RTOS: UART PRINT: ƒê√£ nh·∫≠n ƒë∆∞·ª£c: TX1: Dieu From Task 1 | count=1001[0m

[0;32mI (26439) UART_RTOS: UART PRINT: ƒê√£ nh·∫≠n ƒë∆∞·ª£c: TX1: Dieu From Task 1 | count=1002[0m

[0;32mI (27039) UART_RTOS: UART PRINT: ƒê√£ nh·∫≠n ƒë∆∞·ª£c: TX1: Dieu From Task 1 | count=1003[0m

[0;32mI (27739) UART_RTOS: UART PRINT: ƒê√£ nh·∫≠n ƒë∆∞·ª£c: TX1: Dieu From Task 1 | count=1004[0m

[0;32mI (28499) UART_RTOS: UART PRINT: ƒê√£ nh·∫≠n ƒë∆∞·ª£c: TX1: Dieu From Task 1 | c